// Jest Snapshot v1, https://goo.gl/fbAQLP

exports[`MultiBooleanInput component should match with a snapshot 1`] = `
<div
  className="container"
>
  <div
    className="row"
  >
    <div
      className="col"
    />
  </div>
</div>
`;
