// Jest Snapshot v1, https://goo.gl/fbAQLP

exports[`Notes component should match with a snapshot 1`] = `
<div
  className="container"
>
  <div
    className="justify-content-between row"
  >
    <div
      className="col-auto"
    >
      Notes
    </div>
    <div
      className="col-auto"
    >
      <button
        className="p-0 btn btn-link"
        data-test="open-modal-btn"
        disabled={false}
        onClick={[Function]}
        type="button"
      >
        Add Note
      </button>
    </div>
  </div>
</div>
`;
