// Jest Snapshot v1, https://goo.gl/fbAQLP

exports[`SubmitCandidateToJob component should match with a snapshot 1`] = `null`;
