// Jest Snapshot v1, https://goo.gl/fbAQLP

exports[`JobDescriptionModal component should match with a snapshot 1`] = `null`;
